[debug] [2026-07-28T09:44:38.970Z] ----------------------------------------------------------------------
[debug] [2026-07-28T09:44:38.974Z] Command:       C:\Program Files\nodejs\node.exe C:\Users\USER\AppData\Roaming\npm\node_modules\firebase-tools\lib\bin\firebase.js use --add
[debug] [2026-07-28T09:44:38.974Z] CLI Version:   15.24.0
[debug] [2026-07-28T09:44:38.974Z] Platform:      win32
[debug] [2026-07-28T09:44:38.975Z] Node Version:  v24.13.0
[debug] [2026-07-28T09:44:38.975Z] Detected Agent: unknown
[debug] [2026-07-28T09:44:38.975Z] Time:          Tue Jul 28 2026 10:44:38 GMT+0100 (West Africa Standard Time)
[debug] [2026-07-28T09:44:38.975Z] ----------------------------------------------------------------------
[debug] 
[debug] [2026-07-28T09:44:39.249Z] > command requires scopes: ["email","openid","https://www.googleapis.com/auth/cloudplatformprojects.readonly","https://www.googleapis.com/auth/firebase","https://www.googleapis.com/auth/cloud-platform"]
[debug] [2026-07-28T09:44:39.249Z] > authorizing via signed-in user (greatxapp@gmail.com)
[debug] [2026-07-28T09:44:39.266Z] Checked if tokens are valid: false, expires at: 1716572556768
[debug] [2026-07-28T09:44:39.266Z] Checked if tokens are valid: false, expires at: 1716572556768
[debug] [2026-07-28T09:44:39.266Z] > refreshing access token with scopes: []
[debug] [2026-07-28T09:44:39.270Z] >>> [apiv2][query] POST https://www.googleapis.com/oauth2/v3/token [none]
[debug] [2026-07-28T09:44:39.270Z] >>> [apiv2][body] POST https://www.googleapis.com/oauth2/v3/token [omitted]
[debug] [2026-07-28T09:44:39.876Z] <<< [apiv2][status] POST https://www.googleapis.com/oauth2/v3/token 400
[debug] [2026-07-28T09:44:39.877Z] <<< [apiv2][body] POST https://www.googleapis.com/oauth2/v3/token [omitted]
[debug] [2026-07-28T09:44:39.877Z] >>> [apiv2][query] GET https://firebase.googleapis.com/v1beta1/projects pageSize=1000
[debug] [2026-07-28T09:44:40.447Z] <<< [apiv2][status] GET https://firebase.googleapis.com/v1beta1/projects 401
[debug] [2026-07-28T09:44:40.447Z] <<< [apiv2][body] GET https://firebase.googleapis.com/v1beta1/projects [omitted]
[debug] [2026-07-28T09:44:40.447Z] Got a 401 Unauthenticated error for a call that required authentication. Refreshing tokens.
[debug] [2026-07-28T09:44:40.447Z] Checked if tokens are valid: false, expires at: 1716572556768
[debug] [2026-07-28T09:44:40.447Z] Checked if tokens are valid: false, expires at: 1716572556768
[debug] [2026-07-28T09:44:40.448Z] > refreshing access token with scopes: []
[debug] [2026-07-28T09:44:40.449Z] >>> [apiv2][query] POST https://www.googleapis.com/oauth2/v3/token [none]
[debug] [2026-07-28T09:44:40.449Z] >>> [apiv2][body] POST https://www.googleapis.com/oauth2/v3/token [omitted]
[debug] [2026-07-28T09:44:40.666Z] <<< [apiv2][status] POST https://www.googleapis.com/oauth2/v3/token 400
[debug] [2026-07-28T09:44:40.666Z] <<< [apiv2][body] POST https://www.googleapis.com/oauth2/v3/token [omitted]
[debug] [2026-07-28T09:44:40.667Z] Request to https://firebase.googleapis.com/v1beta1/projects?pageSize=1000 had HTTP Error: 401, Request had invalid authentication credentials. Expected OAuth 2 access token, login cookie or other valid authentication credential. See https://developers.google.com/identity/sign-in/web/devconsole-project.
[debug] [2026-07-28T09:44:40.668Z] FirebaseError: Request to https://firebase.googleapis.com/v1beta1/projects?pageSize=1000 had HTTP Error: 401, Request had invalid authentication credentials. Expected OAuth 2 access token, login cookie or other valid authentication credential. See https://developers.google.com/identity/sign-in/web/devconsole-project.
    at responseToError (C:\Users\USER\AppData\Roaming\npm\node_modules\firebase-tools\lib\responseToError.js:53:12)
    at RetryOperation._fn (C:\Users\USER\AppData\Roaming\npm\node_modules\firebase-tools\lib\apiv2.js:415:77)
    at process.processTicksAndRejections (node:internal/process/task_queues:103:5)
[error] 
[error] Error: Failed to list Firebase projects. See firebase-debug.log for more info.
